
Memory Configuration

Name             Origin             Length             Attributes
flash            0x000000001c000000 0x0000000000010000 rw
*default*        0x0000000000000000 0xffffffffffffffff

Linker script and memory map


.text           0x000000001c000000       0x68
                0x000000001c000000                . = ALIGN (0x4)
 *(.text)
 .text          0x000000001c000000        0x0 /home/cyh/chiplab/software/build/led/src/led/led.o
 *(.text.*)
 .text.main     0x000000001c000000       0x68 /home/cyh/chiplab/software/build/led/src/led/led.o
                0x000000001c000000                main
                0x000000001c000068                . = ALIGN (0x4)
                0x000000001c000068                _etext = .

.rodata         0x000000001c000068        0x0
                0x000000001c000068                . = ALIGN (0x4)
 *(.rodata .rodata.*)
                0x000000001c000068                . = ALIGN (0x4)
                0x000000001c000068                _sidata = ALIGN (., 0x4)
                0x000000001c000068                . = ALIGN (0x4)

.data           0x000000001c000068        0x0
                0x000000001c000068                _sdata = .
                0x000000001c000068                . = ALIGN (0x4)
 *(.got.plt)
                0x000000001c000068                . = ALIGN (0x4)
 *(.got)
                0x000000001c000068                . = ALIGN (0x4)
 *(.data .data.*)
 .data          0x000000001c000068        0x0 /home/cyh/chiplab/software/build/led/src/led/led.o
                0x000000001c000068                . = ALIGN (0x4)
                0x000000001c000068                _edata = .

.bss            0x000000001c000068        0x0
                0x000000001c000068                _sbss = .
                0x000000001c000068                . = ALIGN (0x4)
 *(.sbss)
                0x000000001c000068                . = ALIGN (0x4)
 *(.bss)
 .bss           0x000000001c000068        0x0 /home/cyh/chiplab/software/build/led/src/led/led.o
                0x000000001c000068                . = ALIGN (0x4)
 *(.scommon)
                0x000000001c000068                . = ALIGN (0x4)
 *(COMMON)
                0x000000001c000068                . = ALIGN (0x4)
                0x000000001c000068                _ebss = .
START GROUP
LOAD /home/cyh/chiplab/software/build/led/src/led/led.o
END GROUP
OUTPUT(/home/cyh/chiplab/software/build/led.elf elf32-loongarch)

.comment        0x0000000000000000       0x3a
 .comment       0x0000000000000000       0x3a /home/cyh/chiplab/software/build/led/src/led/led.o
                                         0x3b (size before relaxing)

.note.GNU-stack
                0x0000000000000000        0x0
 .note.GNU-stack
                0x0000000000000000        0x0 /home/cyh/chiplab/software/build/led/src/led/led.o
